// Jest Snapshot v1, https://goo.gl/fbAQLP

exports[`App component matches snapshot 1`] = `
<div>
  <div
    class="container"
  >
    <header>
      <nav>
        <a
          aria-current="page"
          class="active"
          href="/"
        >
          Home
        </a>
        <a
          class=""
          href="/play"
        >
          Play
        </a>
        <a
          class=""
          href="/scores"
        >
          Scoreboard
        </a>
      </nav>
      <span
        class="timer"
      >
        00:00.00
      </span>
      <span
        class="characters"
        data-testid="characters"
      >
        <img
          alt="beastie"
          class="not-found"
          src="beastie.jpg"
        />
        <img
          alt="creeper"
          class="not-found"
          src="creeper.jpg"
        />
        <img
          alt="super star"
          class="not-found"
          src="super-star.jpg"
        />
      </span>
    </header>
    <div
      class="home"
    >
      <h1>
        Find 'Em
      </h1>
      <div
        class="instructions"
      >
        <h2>
          How to play:
        </h2>
        <span>
          Your goal is to find several characters hidden within a chaotic scene, just like the classic puzzle book series
           
          <a
            href="https://en.wikipedia.org/wiki/Where%27s_Wally%3F"
            rel="noreferrer"
            target="_blank"
          >
            "Where's Waldo."
          </a>
           
          Click on the image when you've found one of the characters, and select them from the dropdown to confirm. Try to get the best time possible, and compare your score to others on the scoreboard. Will you be the fastest? Let's go!
        </span>
      </div>
      <span
        class="characters"
        data-testid="characters"
      >
        <img
          alt="beastie"
          class="not-found"
          src="beastie.jpg"
        />
        <img
          alt="creeper"
          class="not-found"
          src="creeper.jpg"
        />
        <img
          alt="super star"
          class="not-found"
          src="super-star.jpg"
        />
      </span>
      <div
        class="char-names"
      >
        <span>
          beastie
        </span>
        <span>
          creeper
        </span>
        <span>
          super star
        </span>
      </div>
      <a
        class="play-link"
        href="/play"
      >
        START
      </a>
    </div>
    <footer>
      <span>
        Designed by
         
        <a
          href="http://www.seanericthomas.com"
          rel="noreferrer"
          target="_blank"
        >
          Sean Eric Thomas
        </a>
      </span>
      <span>
        <a
          href="https://commons.wikimedia.org/wiki/File:31c3-Wimmelbild.jpg"
          rel="noreferrer"
          target="_blank"
        >
          "Wimmelbild" art by Caro Wedekind
        </a>
        , licensed
         
        <a
          href="https://creativecommons.org/licenses/by/3.0/legalcode"
          rel="noreferrer"
          target="_blank"
        >
          CC BY 3.0
        </a>
      </span>
    </footer>
  </div>
</div>
`;
