// Jest Snapshot v1, https://goo.gl/fbAQLP

exports[`App component matches snapshot 1`] = `
<div>
  <div
    class="container"
  >
    <header>
      <nav>
        <a
          aria-current="page"
          class="active"
          href="/"
        >
          Home
        </a>
        <a
          class=""
          href="/play"
        >
          Play
        </a>
        <a
          class=""
          href="/scores"
        >
          Scoreboard
        </a>
      </nav>
      <span />
      <span
        data-testid="characters"
      >
        <img
          alt="beastie"
          class="not-found"
          src="beastie.jpg"
        />
        <img
          alt="creeper"
          class="not-found"
          src="creeper.jpg"
        />
        <img
          alt="super star"
          class="not-found"
          src="super-star.jpg"
        />
      </span>
    </header>
    <div
      class="game"
      data-testid="game"
    >
      <div
        data-testid="popup"
      >
        <span>
          <img
            alt="beastie"
            src="beastie.jpg"
          />
          beastie
        </span>
        <span>
          <img
            alt="creeper"
            src="creeper.jpg"
          />
          creeper
        </span>
        <span>
          <img
            alt="super star"
            src="super-star.jpg"
          />
          super star
        </span>
      </div>
      <img
        alt="Wimmelbild"
        class="wimmel"
        src="wimmel.jpg"
      />
    </div>
  </div>
</div>
`;
